[INFO] Scanning for projects...
[INFO] 
[INFO] -------------------< com.streamforge:ingestion-api >--------------------
[INFO] Building ingestion-api 0.0.1-SNAPSHOT
[INFO]   from pom.xml
[INFO] --------------------------------[ jar ]---------------------------------
[INFO] 
[INFO] --- resources:3.3.1:resources (default-resources) @ ingestion-api ---
[INFO] Copying 1 resource from src\main\resources to target\classes
[INFO] Copying 0 resource from src\main\resources to target\classes
[INFO] 
[INFO] --- compiler:3.11.0:compile (default-compile) @ ingestion-api ---
[INFO] Nothing to compile - all classes are up to date
[INFO] 
[INFO] --- resources:3.3.1:testResources (default-testResources) @ ingestion-api ---
[INFO] skip non existing resourceDirectory C:\Users\HP\Desktop\DESKTOP\ARGUS\ingestion-api\src\test\resources
[INFO] 
[INFO] --- compiler:3.11.0:testCompile (default-testCompile) @ ingestion-api ---
[INFO] Nothing to compile - all classes are up to date
[INFO] ------------------------------------------------------------------------
[INFO] BUILD SUCCESS
[INFO] ------------------------------------------------------------------------
[INFO] Total time:  6.569 s
[INFO] Finished at: 2026-03-16T14:42:03-07:00
[INFO] ------------------------------------------------------------------------
